<?xml version="1.0" ?>
<othello-match>
	<timing start="Thu Jun 18 14:00:28 2026" finish="Thu Jun 18 14:01:10 2026"/>
	<player directory="advsearch/jonas" color="B" result="loss" score="14"/>
	<player directory="advsearch/jonas" color="W" result="win" score="22"/>
	<moves>
		<move coord="2,3" color="B"/>
		<move coord="2,4" color="W"/>
		<move coord="1,5" color="B"/>
		<move coord="2,2" color="W"/>
		<move coord="2,1" color="B"/>
		<move coord="1,1" color="W"/>
		<move coord="5,4" color="B"/>
		<move coord="5,5" color="W"/>
		<move coord="4,5" color="B"/>
		<move coord="2,0" color="W"/>
		<move coord="6,5" color="B"/>
		<move coord="0,6" color="W"/>
		<move coord="1,4" color="B"/>
		<move coord="6,6" color="W"/>
		<move coord="5,6" color="B"/>
		<move coord="0,4" color="W"/>
		<move coord="0,5" color="B"/>
		<move coord="6,7" color="W"/>
		<move coord="0,7" color="B"/>
		<move coord="5,3" color="W"/>
		<move coord="0,3" color="B"/>
		<move coord="7,4" color="W"/>
		<move coord="2,5" color="B"/>
		<move coord="2,6" color="W"/>
		<move coord="3,5" color="B"/>
		<move coord="4,6" color="W"/>
		<move coord="2,7" color="B"/>
		<move coord="1,7" color="W"/>
		<move coord="3,7" color="B"/>
		<move coord="1,6" color="W"/>
		<move coord="7,5" color="B"/>
		<move coord="7,6" color="W"/>
	</moves>
</othello-match>
